[2023-03-02T10:53:30.075+0100][gc,heap] Heap region size: 1M
[2023-03-02T10:53:30.086+0100][gc     ] Using G1
[2023-03-02T10:53:30.087+0100][gc,heap,coops] Heap address: 0x00000000c0000000, size: 1024 MB, Compressed Oops mode: 32-bit
[2023-03-02T10:53:30.087+0100][gc,cds       ] Mark closed archive regions in map: [0x00000000fff00000, 0x00000000fff6aff8]
[2023-03-02T10:53:30.088+0100][gc,cds       ] Mark open archive regions in map: [0x00000000ffe00000, 0x00000000ffe47ff8]
[2023-03-02T10:53:32.161+0100][gc,start     ] GC(0) Pause Young (Normal) (G1 Evacuation Pause)
[2023-03-02T10:53:32.162+0100][gc,task      ] GC(0) Using 6 workers of 6 for evacuation
[2023-03-02T10:53:32.179+0100][gc,phases    ] GC(0)   Pre Evacuate Collection Set: 0.0ms
[2023-03-02T10:53:32.179+0100][gc,phases    ] GC(0)   Evacuate Collection Set: 14.6ms
[2023-03-02T10:53:32.179+0100][gc,phases    ] GC(0)   Post Evacuate Collection Set: 1.0ms
[2023-03-02T10:53:32.179+0100][gc,phases    ] GC(0)   Other: 1.8ms
[2023-03-02T10:53:32.180+0100][gc,heap      ] GC(0) Eden regions: 51->0(44)
[2023-03-02T10:53:32.180+0100][gc,heap      ] GC(0) Survivor regions: 0->7(7)
[2023-03-02T10:53:32.180+0100][gc,heap      ] GC(0) Old regions: 2->2
[2023-03-02T10:53:32.180+0100][gc,heap      ] GC(0) Humongous regions: 0->0
[2023-03-02T10:53:32.181+0100][gc,metaspace ] GC(0) Metaspace: 14206K(14848K)->14206K(14848K) NonClass: 12467K(12800K)->12467K(12800K) Class: 1738K(2048K)->1738K(2048K)
[2023-03-02T10:53:32.181+0100][gc           ] GC(0) Pause Young (Normal) (G1 Evacuation Pause) 51M->7M(1024M) 19.681ms
[2023-03-02T10:53:32.181+0100][gc,cpu       ] GC(0) User=0.07s Sys=0.02s Real=0.02s
[2023-03-02T10:53:33.234+0100][gc,start     ] GC(1) Pause Young (Concurrent Start) (Metadata GC Threshold)
[2023-03-02T10:53:33.235+0100][gc,task      ] GC(1) Using 6 workers of 6 for evacuation
[2023-03-02T10:53:33.247+0100][gc,phases    ] GC(1)   Pre Evacuate Collection Set: 0.1ms
[2023-03-02T10:53:33.247+0100][gc,phases    ] GC(1)   Evacuate Collection Set: 11.6ms
[2023-03-02T10:53:33.248+0100][gc,phases    ] GC(1)   Post Evacuate Collection Set: 0.6ms
[2023-03-02T10:53:33.248+0100][gc,phases    ] GC(1)   Other: 0.6ms
[2023-03-02T10:53:33.248+0100][gc,heap      ] GC(1) Eden regions: 29->0(49)
[2023-03-02T10:53:33.248+0100][gc,heap      ] GC(1) Survivor regions: 7->2(7)
[2023-03-02T10:53:33.249+0100][gc,heap      ] GC(1) Old regions: 2->9
[2023-03-02T10:53:33.249+0100][gc,heap      ] GC(1) Humongous regions: 0->0
[2023-03-02T10:53:33.249+0100][gc,metaspace ] GC(1) Metaspace: 20484K(21248K)->20484K(21248K) NonClass: 18003K(18432K)->18003K(18432K) Class: 2480K(2816K)->2480K(2816K)
[2023-03-02T10:53:33.249+0100][gc           ] GC(1) Pause Young (Concurrent Start) (Metadata GC Threshold) 36M->8M(1024M) 14.908ms
[2023-03-02T10:53:33.249+0100][gc,cpu       ] GC(1) User=0.00s Sys=0.06s Real=0.02s
[2023-03-02T10:53:33.250+0100][gc           ] GC(2) Concurrent Cycle
[2023-03-02T10:53:33.250+0100][gc,marking   ] GC(2) Concurrent Clear Claimed Marks
[2023-03-02T10:53:33.250+0100][gc,marking   ] GC(2) Concurrent Clear Claimed Marks 0.335ms
[2023-03-02T10:53:33.250+0100][gc,marking   ] GC(2) Concurrent Scan Root Regions
[2023-03-02T10:53:33.252+0100][gc,marking   ] GC(2) Concurrent Scan Root Regions 1.391ms
[2023-03-02T10:53:33.252+0100][gc,marking   ] GC(2) Concurrent Mark (3.196s)
[2023-03-02T10:53:33.252+0100][gc,marking   ] GC(2) Concurrent Mark From Roots
[2023-03-02T10:53:33.253+0100][gc,task      ] GC(2) Using 2 workers of 2 for marking
[2023-03-02T10:53:33.258+0100][gc,marking   ] GC(2) Concurrent Mark From Roots 5.488ms
[2023-03-02T10:53:33.277+0100][gc,marking   ] GC(2) Concurrent Preclean
[2023-03-02T10:53:33.277+0100][gc,marking   ] GC(2) Concurrent Preclean 0.475ms
[2023-03-02T10:53:33.277+0100][gc,marking   ] GC(2) Concurrent Mark (3.196s, 3.221s) 25.109ms
[2023-03-02T10:53:33.278+0100][gc,start     ] GC(2) Pause Remark
[2023-03-02T10:53:33.286+0100][gc,stringtable] GC(2) Cleaned string and symbol table, strings: 5135 processed, 0 removed, symbols: 52659 processed, 42 removed
[2023-03-02T10:53:33.286+0100][gc            ] GC(2) Pause Remark 8M->8M(1024M) 8.716ms
[2023-03-02T10:53:33.287+0100][gc,cpu        ] GC(2) User=0.04s Sys=0.00s Real=0.01s
[2023-03-02T10:53:33.287+0100][gc,marking    ] GC(2) Concurrent Rebuild Remembered Sets
[2023-03-02T10:53:33.299+0100][gc,marking    ] GC(2) Concurrent Rebuild Remembered Sets 11.567ms
[2023-03-02T10:53:33.301+0100][gc,start      ] GC(2) Pause Cleanup
[2023-03-02T10:53:33.302+0100][gc            ] GC(2) Pause Cleanup 8M->8M(1024M) 0.772ms
[2023-03-02T10:53:33.303+0100][gc,cpu        ] GC(2) User=0.00s Sys=0.00s Real=0.00s
[2023-03-02T10:53:33.303+0100][gc,marking    ] GC(2) Concurrent Cleanup for Next Mark
[2023-03-02T10:53:33.311+0100][gc,marking    ] GC(2) Concurrent Cleanup for Next Mark 8.324ms
[2023-03-02T10:53:33.317+0100][gc            ] GC(2) Concurrent Cycle 67.744ms
[2023-03-02T10:53:34.508+0100][gc,start      ] GC(3) Pause Young (Normal) (G1 Evacuation Pause)
[2023-03-02T10:53:34.509+0100][gc,task       ] GC(3) Using 6 workers of 6 for evacuation
[2023-03-02T10:53:34.516+0100][gc,phases     ] GC(3)   Pre Evacuate Collection Set: 0.0ms
[2023-03-02T10:53:34.516+0100][gc,phases     ] GC(3)   Evacuate Collection Set: 6.3ms
[2023-03-02T10:53:34.517+0100][gc,phases     ] GC(3)   Post Evacuate Collection Set: 0.6ms
[2023-03-02T10:53:34.517+0100][gc,phases     ] GC(3)   Other: 0.7ms
[2023-03-02T10:53:34.517+0100][gc,heap       ] GC(3) Eden regions: 49->0(47)
[2023-03-02T10:53:34.517+0100][gc,heap       ] GC(3) Survivor regions: 2->4(7)
[2023-03-02T10:53:34.517+0100][gc,heap       ] GC(3) Old regions: 9->9
[2023-03-02T10:53:34.517+0100][gc,heap       ] GC(3) Humongous regions: 129->129
[2023-03-02T10:53:34.518+0100][gc,metaspace  ] GC(3) Metaspace: 29219K(30336K)->29219K(30336K) NonClass: 25759K(26368K)->25759K(26368K) Class: 3460K(3968K)->3460K(3968K)
[2023-03-02T10:53:34.518+0100][gc            ] GC(3) Pause Young (Normal) (G1 Evacuation Pause) 186M->139M(1024M) 9.525ms
[2023-03-02T10:53:34.518+0100][gc,cpu        ] GC(3) User=0.04s Sys=0.01s Real=0.01s
[2023-03-02T10:53:35.244+0100][gc,start      ] GC(4) Pause Young (Concurrent Start) (Metadata GC Threshold)
[2023-03-02T10:53:35.244+0100][gc,task       ] GC(4) Using 6 workers of 6 for evacuation
[2023-03-02T10:53:35.260+0100][gc,phases     ] GC(4)   Pre Evacuate Collection Set: 0.1ms
[2023-03-02T10:53:35.260+0100][gc,phases     ] GC(4)   Evacuate Collection Set: 14.4ms
[2023-03-02T10:53:35.260+0100][gc,phases     ] GC(4)   Post Evacuate Collection Set: 0.8ms
[2023-03-02T10:53:35.261+0100][gc,phases     ] GC(4)   Other: 0.8ms
[2023-03-02T10:53:35.261+0100][gc,heap       ] GC(4) Eden regions: 29->0(45)
[2023-03-02T10:53:35.261+0100][gc,heap       ] GC(4) Survivor regions: 4->6(7)
[2023-03-02T10:53:35.261+0100][gc,heap       ] GC(4) Old regions: 9->10
[2023-03-02T10:53:35.261+0100][gc,heap       ] GC(4) Humongous regions: 129->129
[2023-03-02T10:53:35.262+0100][gc,metaspace  ] GC(4) Metaspace: 34461K(35840K)->34461K(35840K) NonClass: 30404K(31104K)->30404K(31104K) Class: 4056K(4736K)->4056K(4736K)
[2023-03-02T10:53:35.262+0100][gc            ] GC(4) Pause Young (Concurrent Start) (Metadata GC Threshold) 168M->142M(1024M) 17.982ms
[2023-03-02T10:53:35.262+0100][gc,cpu        ] GC(4) User=0.01s Sys=0.05s Real=0.02s
[2023-03-02T10:53:35.262+0100][gc            ] GC(5) Concurrent Cycle
[2023-03-02T10:53:35.262+0100][gc,marking    ] GC(5) Concurrent Clear Claimed Marks
[2023-03-02T10:53:35.263+0100][gc,marking    ] GC(5) Concurrent Clear Claimed Marks 0.264ms
[2023-03-02T10:53:35.263+0100][gc,marking    ] GC(5) Concurrent Scan Root Regions
[2023-03-02T10:53:35.265+0100][gc,marking    ] GC(5) Concurrent Scan Root Regions 2.375ms
[2023-03-02T10:53:35.266+0100][gc,marking    ] GC(5) Concurrent Mark (5.210s)
[2023-03-02T10:53:35.266+0100][gc,marking    ] GC(5) Concurrent Mark From Roots
[2023-03-02T10:53:35.267+0100][gc,task       ] GC(5) Using 2 workers of 2 for marking
[2023-03-02T10:53:35.275+0100][gc,marking    ] GC(5) Concurrent Mark From Roots 8.388ms
[2023-03-02T10:53:35.275+0100][gc,marking    ] GC(5) Concurrent Preclean
[2023-03-02T10:53:35.275+0100][gc,marking    ] GC(5) Concurrent Preclean 0.392ms
[2023-03-02T10:53:35.276+0100][gc,marking    ] GC(5) Concurrent Mark (5.210s, 5.219s) 9.733ms
[2023-03-02T10:53:35.276+0100][gc,start      ] GC(5) Pause Remark
[2023-03-02T10:53:35.283+0100][gc,stringtable] GC(5) Cleaned string and symbol table, strings: 10229 processed, 12 removed, symbols: 85661 processed, 13 removed
[2023-03-02T10:53:35.284+0100][gc            ] GC(5) Pause Remark 143M->143M(1024M) 8.148ms
[2023-03-02T10:53:35.285+0100][gc,cpu        ] GC(5) User=0.03s Sys=0.01s Real=0.01s
[2023-03-02T10:53:35.285+0100][gc,marking    ] GC(5) Concurrent Rebuild Remembered Sets
[2023-03-02T10:53:35.289+0100][gc,marking    ] GC(5) Concurrent Rebuild Remembered Sets 4.387ms
[2023-03-02T10:53:35.290+0100][gc,start      ] GC(5) Pause Cleanup
[2023-03-02T10:53:35.291+0100][gc            ] GC(5) Pause Cleanup 143M->143M(1024M) 0.503ms
[2023-03-02T10:53:35.291+0100][gc,cpu        ] GC(5) User=0.00s Sys=0.00s Real=0.00s
[2023-03-02T10:53:35.291+0100][gc,marking    ] GC(5) Concurrent Cleanup for Next Mark
[2023-03-02T10:53:35.302+0100][gc,marking    ] GC(5) Concurrent Cleanup for Next Mark 10.706ms
[2023-03-02T10:53:35.302+0100][gc            ] GC(5) Concurrent Cycle 40.345ms
[2023-03-02T11:03:28.370+0100][gc,start      ] GC(6) Pause Young (Concurrent Start) (G1 Evacuation Pause)
[2023-03-02T11:03:28.370+0100][gc,task       ] GC(6) Using 6 workers of 6 for evacuation
[2023-03-02T11:03:28.387+0100][gc,phases     ] GC(6)   Pre Evacuate Collection Set: 0.2ms
[2023-03-02T11:03:28.387+0100][gc,phases     ] GC(6)   Evacuate Collection Set: 15.0ms
[2023-03-02T11:03:28.388+0100][gc,phases     ] GC(6)   Post Evacuate Collection Set: 1.1ms
[2023-03-02T11:03:28.388+0100][gc,phases     ] GC(6)   Other: 1.2ms
[2023-03-02T11:03:28.389+0100][gc,heap       ] GC(6) Eden regions: 45->0(46)
[2023-03-02T11:03:28.389+0100][gc,heap       ] GC(6) Survivor regions: 6->5(7)
[2023-03-02T11:03:28.389+0100][gc,heap       ] GC(6) Old regions: 10->13
[2023-03-02T11:03:28.390+0100][gc,heap       ] GC(6) Humongous regions: 129->129
[2023-03-02T11:03:28.390+0100][gc,metaspace  ] GC(6) Metaspace: 41188K(43648K)->41188K(43648K) NonClass: 35855K(37120K)->35855K(37120K) Class: 5332K(6528K)->5332K(6528K)
[2023-03-02T11:03:28.390+0100][gc            ] GC(6) Pause Young (Concurrent Start) (G1 Evacuation Pause) 187M->144M(1024M) 20.667ms
[2023-03-02T11:03:28.391+0100][gc,cpu        ] GC(6) User=0.04s Sys=0.03s Real=0.02s
[2023-03-02T11:03:28.391+0100][gc            ] GC(7) Concurrent Cycle
[2023-03-02T11:03:28.394+0100][gc,marking    ] GC(7) Concurrent Clear Claimed Marks
[2023-03-02T11:03:28.395+0100][gc,marking    ] GC(7) Concurrent Clear Claimed Marks 0.544ms
[2023-03-02T11:03:28.395+0100][gc,marking    ] GC(7) Concurrent Scan Root Regions
[2023-03-02T11:03:28.397+0100][gc,marking    ] GC(7) Concurrent Scan Root Regions 2.332ms
[2023-03-02T11:03:28.397+0100][gc,marking    ] GC(7) Concurrent Mark (598.341s)
[2023-03-02T11:03:28.398+0100][gc,marking    ] GC(7) Concurrent Mark From Roots
[2023-03-02T11:03:28.398+0100][gc,task       ] GC(7) Using 2 workers of 2 for marking
[2023-03-02T11:03:28.407+0100][gc,marking    ] GC(7) Concurrent Mark From Roots 9.527ms
[2023-03-02T11:03:28.408+0100][gc,marking    ] GC(7) Concurrent Preclean
[2023-03-02T11:03:28.408+0100][gc,marking    ] GC(7) Concurrent Preclean 0.369ms
[2023-03-02T11:03:28.408+0100][gc,marking    ] GC(7) Concurrent Mark (598.341s, 598.352s) 10.767ms
[2023-03-02T11:03:28.409+0100][gc,start      ] GC(7) Pause Remark
[2023-03-02T11:03:28.413+0100][gc,stringtable] GC(7) Cleaned string and symbol table, strings: 11199 processed, 4 removed, symbols: 91999 processed, 2 removed
[2023-03-02T11:03:28.413+0100][gc            ] GC(7) Pause Remark 144M->144M(1024M) 4.783ms
[2023-03-02T11:03:28.414+0100][gc,cpu        ] GC(7) User=0.02s Sys=0.00s Real=0.00s
[2023-03-02T11:03:28.414+0100][gc,marking    ] GC(7) Concurrent Rebuild Remembered Sets
[2023-03-02T11:03:28.420+0100][gc,marking    ] GC(7) Concurrent Rebuild Remembered Sets 6.079ms
[2023-03-02T11:03:28.421+0100][gc,start      ] GC(7) Pause Cleanup
[2023-03-02T11:03:28.421+0100][gc            ] GC(7) Pause Cleanup 144M->144M(1024M) 0.615ms
[2023-03-02T11:03:28.422+0100][gc,cpu        ] GC(7) User=0.00s Sys=0.00s Real=0.00s
[2023-03-02T11:03:28.422+0100][gc,marking    ] GC(7) Concurrent Cleanup for Next Mark
[2023-03-02T11:03:28.424+0100][gc,marking    ] GC(7) Concurrent Cleanup for Next Mark 2.108ms
[2023-03-02T11:03:28.425+0100][gc            ] GC(7) Concurrent Cycle 33.649ms
[2023-03-02T11:19:10.697+0100][gc,start      ] GC(8) Pause Young (Normal) (G1 Evacuation Pause)
[2023-03-02T11:19:10.698+0100][gc,task       ] GC(8) Using 6 workers of 6 for evacuation
[2023-03-02T11:19:10.711+0100][gc,phases     ] GC(8)   Pre Evacuate Collection Set: 0.2ms
[2023-03-02T11:19:10.712+0100][gc,phases     ] GC(8)   Evacuate Collection Set: 11.4ms
[2023-03-02T11:19:10.712+0100][gc,phases     ] GC(8)   Post Evacuate Collection Set: 1.2ms
[2023-03-02T11:19:10.712+0100][gc,phases     ] GC(8)   Other: 1.1ms
[2023-03-02T11:19:10.713+0100][gc,heap       ] GC(8) Eden regions: 46->0(45)
[2023-03-02T11:19:10.713+0100][gc,heap       ] GC(8) Survivor regions: 5->6(7)
[2023-03-02T11:19:10.714+0100][gc,heap       ] GC(8) Old regions: 13->15
[2023-03-02T11:19:10.714+0100][gc,heap       ] GC(8) Humongous regions: 129->129
[2023-03-02T11:19:10.714+0100][gc,metaspace  ] GC(8) Metaspace: 43729K(46720K)->43729K(46720K) NonClass: 38089K(39680K)->38089K(39680K) Class: 5640K(7040K)->5640K(7040K)
[2023-03-02T11:19:10.715+0100][gc            ] GC(8) Pause Young (Normal) (G1 Evacuation Pause) 190M->147M(1024M) 17.690ms
[2023-03-02T11:19:10.715+0100][gc,cpu        ] GC(8) User=0.06s Sys=0.01s Real=0.01s
[2023-03-02T11:47:12.741+0100][gc,start      ] GC(9) Pause Young (Normal) (G1 Evacuation Pause)
[2023-03-02T11:47:12.742+0100][gc,task       ] GC(9) Using 6 workers of 6 for evacuation
[2023-03-02T11:47:12.751+0100][gc,phases     ] GC(9)   Pre Evacuate Collection Set: 0.4ms
[2023-03-02T11:47:12.752+0100][gc,phases     ] GC(9)   Evacuate Collection Set: 7.1ms
[2023-03-02T11:47:12.752+0100][gc,phases     ] GC(9)   Post Evacuate Collection Set: 1.1ms
[2023-03-02T11:47:12.753+0100][gc,phases     ] GC(9)   Other: 1.7ms
[2023-03-02T11:47:12.753+0100][gc,heap       ] GC(9) Eden regions: 45->0(47)
[2023-03-02T11:47:12.753+0100][gc,heap       ] GC(9) Survivor regions: 6->4(7)
[2023-03-02T11:47:12.754+0100][gc,heap       ] GC(9) Old regions: 15->17
[2023-03-02T11:47:12.754+0100][gc,heap       ] GC(9) Humongous regions: 129->129
[2023-03-02T11:47:12.754+0100][gc,metaspace  ] GC(9) Metaspace: 44120K(46976K)->44120K(46976K) NonClass: 38461K(39936K)->38461K(39936K) Class: 5659K(7040K)->5659K(7040K)
[2023-03-02T11:47:12.755+0100][gc            ] GC(9) Pause Young (Normal) (G1 Evacuation Pause) 192M->148M(1024M) 13.617ms
[2023-03-02T11:47:12.755+0100][gc,cpu        ] GC(9) User=0.04s Sys=0.01s Real=0.01s
