[2023-03-02T10:42:43.388+0100][gc,heap] Heap region size: 1M
[2023-03-02T10:42:43.399+0100][gc     ] Using G1
[2023-03-02T10:42:43.400+0100][gc,heap,coops] Heap address: 0x00000000c0000000, size: 1024 MB, Compressed Oops mode: 32-bit
[2023-03-02T10:42:43.400+0100][gc,cds       ] Mark closed archive regions in map: [0x00000000fff00000, 0x00000000fff6aff8]
[2023-03-02T10:42:43.401+0100][gc,cds       ] Mark open archive regions in map: [0x00000000ffe00000, 0x00000000ffe47ff8]
[2023-03-02T10:42:45.520+0100][gc,start     ] GC(0) Pause Young (Normal) (G1 Evacuation Pause)
[2023-03-02T10:42:45.521+0100][gc,task      ] GC(0) Using 6 workers of 6 for evacuation
[2023-03-02T10:42:45.535+0100][gc,phases    ] GC(0)   Pre Evacuate Collection Set: 0.0ms
[2023-03-02T10:42:45.542+0100][gc,phases    ] GC(0)   Evacuate Collection Set: 10.9ms
[2023-03-02T10:42:45.545+0100][gc,phases    ] GC(0)   Post Evacuate Collection Set: 2.5ms
[2023-03-02T10:42:45.546+0100][gc,phases    ] GC(0)   Other: 1.7ms
[2023-03-02T10:42:45.546+0100][gc,heap      ] GC(0) Eden regions: 51->0(44)
[2023-03-02T10:42:45.546+0100][gc,heap      ] GC(0) Survivor regions: 0->7(7)
[2023-03-02T10:42:45.547+0100][gc,heap      ] GC(0) Old regions: 2->2
[2023-03-02T10:42:45.547+0100][gc,heap      ] GC(0) Humongous regions: 0->0
[2023-03-02T10:42:45.547+0100][gc,metaspace ] GC(0) Metaspace: 14200K(14848K)->14200K(14848K) NonClass: 12464K(12800K)->12464K(12800K) Class: 1735K(2048K)->1735K(2048K)
[2023-03-02T10:42:45.547+0100][gc           ] GC(0) Pause Young (Normal) (G1 Evacuation Pause) 51M->7M(1024M) 27.459ms
[2023-03-02T10:42:45.548+0100][gc,cpu       ] GC(0) User=0.05s Sys=0.02s Real=0.02s
[2023-03-02T10:42:46.657+0100][gc,start     ] GC(1) Pause Young (Concurrent Start) (Metadata GC Threshold)
[2023-03-02T10:42:46.657+0100][gc,task      ] GC(1) Using 6 workers of 6 for evacuation
[2023-03-02T10:42:46.669+0100][gc,phases    ] GC(1)   Pre Evacuate Collection Set: 0.1ms
[2023-03-02T10:42:46.670+0100][gc,phases    ] GC(1)   Evacuate Collection Set: 10.9ms
[2023-03-02T10:42:46.670+0100][gc,phases    ] GC(1)   Post Evacuate Collection Set: 0.7ms
[2023-03-02T10:42:46.670+0100][gc,phases    ] GC(1)   Other: 0.7ms
[2023-03-02T10:42:46.670+0100][gc,heap      ] GC(1) Eden regions: 30->0(49)
[2023-03-02T10:42:46.670+0100][gc,heap      ] GC(1) Survivor regions: 7->2(7)
[2023-03-02T10:42:46.671+0100][gc,heap      ] GC(1) Old regions: 2->9
[2023-03-02T10:42:46.671+0100][gc,heap      ] GC(1) Humongous regions: 0->0
[2023-03-02T10:42:46.671+0100][gc,metaspace ] GC(1) Metaspace: 20529K(21248K)->20529K(21248K) NonClass: 18039K(18432K)->18039K(18432K) Class: 2490K(2816K)->2490K(2816K)
[2023-03-02T10:42:46.671+0100][gc           ] GC(1) Pause Young (Concurrent Start) (Metadata GC Threshold) 36M->8M(1024M) 14.446ms
[2023-03-02T10:42:46.672+0100][gc,cpu       ] GC(1) User=0.03s Sys=0.02s Real=0.02s
[2023-03-02T10:42:46.672+0100][gc           ] GC(2) Concurrent Cycle
[2023-03-02T10:42:46.672+0100][gc,marking   ] GC(2) Concurrent Clear Claimed Marks
[2023-03-02T10:42:46.672+0100][gc,marking   ] GC(2) Concurrent Clear Claimed Marks 0.302ms
[2023-03-02T10:42:46.673+0100][gc,marking   ] GC(2) Concurrent Scan Root Regions
[2023-03-02T10:42:46.674+0100][gc,marking   ] GC(2) Concurrent Scan Root Regions 1.351ms
[2023-03-02T10:42:46.674+0100][gc,marking   ] GC(2) Concurrent Mark (3.295s)
[2023-03-02T10:42:46.674+0100][gc,marking   ] GC(2) Concurrent Mark From Roots
[2023-03-02T10:42:46.675+0100][gc,task      ] GC(2) Using 2 workers of 2 for marking
[2023-03-02T10:42:46.680+0100][gc,marking   ] GC(2) Concurrent Mark From Roots 6.058ms
[2023-03-02T10:42:46.681+0100][gc,marking   ] GC(2) Concurrent Preclean
[2023-03-02T10:42:46.681+0100][gc,marking   ] GC(2) Concurrent Preclean 0.381ms
[2023-03-02T10:42:46.681+0100][gc,marking   ] GC(2) Concurrent Mark (3.295s, 3.302s) 7.200ms
[2023-03-02T10:42:46.683+0100][gc,start     ] GC(2) Pause Remark
[2023-03-02T10:42:46.687+0100][gc,stringtable] GC(2) Cleaned string and symbol table, strings: 5195 processed, 0 removed, symbols: 52984 processed, 45 removed
[2023-03-02T10:42:46.688+0100][gc            ] GC(2) Pause Remark 9M->9M(1024M) 5.170ms
[2023-03-02T10:42:46.688+0100][gc,cpu        ] GC(2) User=0.01s Sys=0.02s Real=0.01s
[2023-03-02T10:42:46.688+0100][gc,marking    ] GC(2) Concurrent Rebuild Remembered Sets
[2023-03-02T10:42:46.695+0100][gc,marking    ] GC(2) Concurrent Rebuild Remembered Sets 6.483ms
[2023-03-02T10:42:46.695+0100][gc,start      ] GC(2) Pause Cleanup
[2023-03-02T10:42:46.696+0100][gc            ] GC(2) Pause Cleanup 9M->9M(1024M) 0.780ms
[2023-03-02T10:42:46.697+0100][gc,cpu        ] GC(2) User=0.00s Sys=0.00s Real=0.00s
[2023-03-02T10:42:46.697+0100][gc,marking    ] GC(2) Concurrent Cleanup for Next Mark
[2023-03-02T10:42:46.704+0100][gc,marking    ] GC(2) Concurrent Cleanup for Next Mark 6.809ms
[2023-03-02T10:42:46.704+0100][gc            ] GC(2) Concurrent Cycle 32.401ms
[2023-03-02T10:42:47.890+0100][gc,start      ] GC(3) Pause Young (Normal) (G1 Evacuation Pause)
[2023-03-02T10:42:47.890+0100][gc,task       ] GC(3) Using 6 workers of 6 for evacuation
[2023-03-02T10:42:47.894+0100][gc,phases     ] GC(3)   Pre Evacuate Collection Set: 0.0ms
[2023-03-02T10:42:47.894+0100][gc,phases     ] GC(3)   Evacuate Collection Set: 3.0ms
[2023-03-02T10:42:47.895+0100][gc,phases     ] GC(3)   Post Evacuate Collection Set: 0.6ms
[2023-03-02T10:42:47.895+0100][gc,phases     ] GC(3)   Other: 0.6ms
[2023-03-02T10:42:47.895+0100][gc,heap       ] GC(3) Eden regions: 49->0(46)
[2023-03-02T10:42:47.895+0100][gc,heap       ] GC(3) Survivor regions: 2->5(7)
[2023-03-02T10:42:47.895+0100][gc,heap       ] GC(3) Old regions: 9->9
[2023-03-02T10:42:47.896+0100][gc,heap       ] GC(3) Humongous regions: 129->129
[2023-03-02T10:42:47.896+0100][gc,metaspace  ] GC(3) Metaspace: 28672K(29952K)->28672K(29952K) NonClass: 25356K(26112K)->25356K(26112K) Class: 3316K(3840K)->3316K(3840K)
[2023-03-02T10:42:47.896+0100][gc            ] GC(3) Pause Young (Normal) (G1 Evacuation Pause) 186M->140M(1024M) 6.155ms
[2023-03-02T10:42:47.896+0100][gc,cpu        ] GC(3) User=0.02s Sys=0.00s Real=0.00s
[2023-03-02T10:42:48.553+0100][gc,start      ] GC(4) Pause Young (Concurrent Start) (Metadata GC Threshold)
[2023-03-02T10:42:48.553+0100][gc,task       ] GC(4) Using 6 workers of 6 for evacuation
[2023-03-02T10:42:48.569+0100][gc,phases     ] GC(4)   Pre Evacuate Collection Set: 0.1ms
[2023-03-02T10:42:48.569+0100][gc,phases     ] GC(4)   Evacuate Collection Set: 14.7ms
[2023-03-02T10:42:48.570+0100][gc,phases     ] GC(4)   Post Evacuate Collection Set: 0.8ms
[2023-03-02T10:42:48.570+0100][gc,phases     ] GC(4)   Other: 0.8ms
[2023-03-02T10:42:48.570+0100][gc,heap       ] GC(4) Eden regions: 31->0(49)
[2023-03-02T10:42:48.570+0100][gc,heap       ] GC(4) Survivor regions: 5->2(7)
[2023-03-02T10:42:48.571+0100][gc,heap       ] GC(4) Old regions: 9->13
[2023-03-02T10:42:48.571+0100][gc,heap       ] GC(4) Humongous regions: 129->129
[2023-03-02T10:42:48.571+0100][gc,metaspace  ] GC(4) Metaspace: 34502K(35840K)->34502K(35840K) NonClass: 30449K(31104K)->30449K(31104K) Class: 4053K(4736K)->4053K(4736K)
[2023-03-02T10:42:48.571+0100][gc            ] GC(4) Pause Young (Concurrent Start) (Metadata GC Threshold) 171M->142M(1024M) 18.327ms
[2023-03-02T10:42:48.571+0100][gc,cpu        ] GC(4) User=0.08s Sys=0.00s Real=0.02s
[2023-03-02T10:42:48.572+0100][gc            ] GC(5) Concurrent Cycle
[2023-03-02T10:42:48.572+0100][gc,marking    ] GC(5) Concurrent Clear Claimed Marks
[2023-03-02T10:42:48.572+0100][gc,marking    ] GC(5) Concurrent Clear Claimed Marks 0.412ms
[2023-03-02T10:42:48.572+0100][gc,marking    ] GC(5) Concurrent Scan Root Regions
[2023-03-02T10:42:48.574+0100][gc,marking    ] GC(5) Concurrent Scan Root Regions 1.590ms
[2023-03-02T10:42:48.574+0100][gc,marking    ] GC(5) Concurrent Mark (5.195s)
[2023-03-02T10:42:48.575+0100][gc,marking    ] GC(5) Concurrent Mark From Roots
[2023-03-02T10:42:48.575+0100][gc,task       ] GC(5) Using 2 workers of 2 for marking
[2023-03-02T10:42:48.602+0100][gc,marking    ] GC(5) Concurrent Mark From Roots 27.137ms
[2023-03-02T10:42:48.602+0100][gc,marking    ] GC(5) Concurrent Preclean
[2023-03-02T10:42:48.603+0100][gc,marking    ] GC(5) Concurrent Preclean 1.135ms
[2023-03-02T10:42:48.604+0100][gc,marking    ] GC(5) Concurrent Mark (5.195s, 5.225s) 29.669ms
[2023-03-02T10:42:48.605+0100][gc,start      ] GC(5) Pause Remark
[2023-03-02T10:42:48.609+0100][gc,stringtable] GC(5) Cleaned string and symbol table, strings: 10338 processed, 12 removed, symbols: 84431 processed, 14 removed
[2023-03-02T10:42:48.610+0100][gc            ] GC(5) Pause Remark 144M->144M(1024M) 4.708ms
[2023-03-02T10:42:48.610+0100][gc,cpu        ] GC(5) User=0.03s Sys=0.00s Real=0.01s
[2023-03-02T10:42:48.610+0100][gc,marking    ] GC(5) Concurrent Rebuild Remembered Sets
[2023-03-02T10:42:48.619+0100][gc,marking    ] GC(5) Concurrent Rebuild Remembered Sets 8.708ms
[2023-03-02T10:42:48.619+0100][gc,start      ] GC(5) Pause Cleanup
[2023-03-02T10:42:48.620+0100][gc            ] GC(5) Pause Cleanup 144M->144M(1024M) 0.479ms
[2023-03-02T10:42:48.620+0100][gc,cpu        ] GC(5) User=0.00s Sys=0.00s Real=0.00s
[2023-03-02T10:42:48.620+0100][gc,marking    ] GC(5) Concurrent Cleanup for Next Mark
[2023-03-02T10:42:48.627+0100][gc,marking    ] GC(5) Concurrent Cleanup for Next Mark 6.398ms
[2023-03-02T10:42:48.627+0100][gc            ] GC(5) Concurrent Cycle 55.287ms
[2023-03-02T10:45:31.577+0100][gc,heap,exit  ] Heap
[2023-03-02T10:45:31.577+0100][gc,heap,exit  ]  garbage-first heap   total 1048576K, used 185829K [0x00000000c0000000, 0x0000000100000000)
[2023-03-02T10:45:31.578+0100][gc,heap,exit  ]   region size 1024K, 43 young (44032K), 2 survivors (2048K)
[2023-03-02T10:45:31.578+0100][gc,heap,exit  ]  Metaspace       used 41325K, capacity 43878K, committed 44032K, reserved 1087488K
[2023-03-02T10:45:31.578+0100][gc,heap,exit  ]   class space    used 5525K, capacity 6799K, committed 6912K, reserved 1048576K
