[2023-03-02T10:53:12.454+0100][gc,heap] Heap region size: 1M
[2023-03-02T10:53:12.464+0100][gc     ] Using G1
[2023-03-02T10:53:12.464+0100][gc,heap,coops] Heap address: 0x00000000e0000000, size: 512 MB, Compressed Oops mode: 32-bit
[2023-03-02T10:53:12.465+0100][gc,cds       ] Mark closed archive regions in map: [0x00000000fff00000, 0x00000000fff6aff8]
[2023-03-02T10:53:12.465+0100][gc,cds       ] Mark open archive regions in map: [0x00000000ffe00000, 0x00000000ffe47ff8]
[2023-03-02T10:53:14.670+0100][gc,start     ] GC(0) Pause Young (Normal) (G1 Evacuation Pause)
[2023-03-02T10:53:14.671+0100][gc,task      ] GC(0) Using 6 workers of 6 for evacuation
[2023-03-02T10:53:14.686+0100][gc,phases    ] GC(0)   Pre Evacuate Collection Set: 0.0ms
[2023-03-02T10:53:14.687+0100][gc,phases    ] GC(0)   Evacuate Collection Set: 14.1ms
[2023-03-02T10:53:14.687+0100][gc,phases    ] GC(0)   Post Evacuate Collection Set: 0.6ms
[2023-03-02T10:53:14.687+0100][gc,phases    ] GC(0)   Other: 1.6ms
[2023-03-02T10:53:14.687+0100][gc,heap      ] GC(0) Eden regions: 25->0(21)
[2023-03-02T10:53:14.688+0100][gc,heap      ] GC(0) Survivor regions: 0->4(4)
[2023-03-02T10:53:14.688+0100][gc,heap      ] GC(0) Old regions: 2->5
[2023-03-02T10:53:14.688+0100][gc,heap      ] GC(0) Humongous regions: 0->0
[2023-03-02T10:53:14.688+0100][gc,metaspace ] GC(0) Metaspace: 7480K(7936K)->7480K(7936K) NonClass: 6650K(6912K)->6650K(6912K) Class: 829K(1024K)->829K(1024K)
[2023-03-02T10:53:14.688+0100][gc           ] GC(0) Pause Young (Normal) (G1 Evacuation Pause) 25M->7M(512M) 18.070ms
[2023-03-02T10:53:14.688+0100][gc,cpu       ] GC(0) User=0.06s Sys=0.03s Real=0.02s
[2023-03-02T13:01:58.243+0100][gc,heap,exit ] Heap
[2023-03-02T13:01:58.250+0100][gc,heap,exit ]  garbage-first heap   total 524288K, used 27259K [0x00000000e0000000, 0x0000000100000000)
[2023-03-02T13:01:58.253+0100][gc,heap,exit ]   region size 1024K, 24 young (24576K), 4 survivors (4096K)
[2023-03-02T13:01:58.253+0100][gc,heap,exit ]  Metaspace       used 9319K, capacity 9659K, committed 9856K, reserved 1058816K
[2023-03-02T13:01:58.254+0100][gc,heap,exit ]   class space    used 976K, capacity 1122K, committed 1152K, reserved 1048576K
