[2023-03-02T10:41:52.850+0100][gc,heap] Heap region size: 1M
[2023-03-02T10:41:52.856+0100][gc     ] Using G1
[2023-03-02T10:41:52.857+0100][gc,heap,coops] Heap address: 0x00000000e0000000, size: 512 MB, Compressed Oops mode: 32-bit
[2023-03-02T10:41:52.857+0100][gc,cds       ] Mark closed archive regions in map: [0x00000000fff00000, 0x00000000fff6aff8]
[2023-03-02T10:41:52.858+0100][gc,cds       ] Mark open archive regions in map: [0x00000000ffe00000, 0x00000000ffe47ff8]
[2023-03-02T10:41:55.022+0100][gc,start     ] GC(0) Pause Young (Normal) (G1 Evacuation Pause)
[2023-03-02T10:41:55.023+0100][gc,task      ] GC(0) Using 6 workers of 6 for evacuation
[2023-03-02T10:41:55.039+0100][gc,phases    ] GC(0)   Pre Evacuate Collection Set: 0.1ms
[2023-03-02T10:41:55.039+0100][gc,phases    ] GC(0)   Evacuate Collection Set: 14.1ms
[2023-03-02T10:41:55.039+0100][gc,phases    ] GC(0)   Post Evacuate Collection Set: 0.6ms
[2023-03-02T10:41:55.040+0100][gc,phases    ] GC(0)   Other: 2.0ms
[2023-03-02T10:41:55.040+0100][gc,heap      ] GC(0) Eden regions: 25->0(21)
[2023-03-02T10:41:55.040+0100][gc,heap      ] GC(0) Survivor regions: 0->4(4)
[2023-03-02T10:41:55.040+0100][gc,heap      ] GC(0) Old regions: 2->5
[2023-03-02T10:41:55.040+0100][gc,heap      ] GC(0) Humongous regions: 0->0
[2023-03-02T10:41:55.040+0100][gc,metaspace ] GC(0) Metaspace: 7316K(7936K)->7316K(7936K) NonClass: 6500K(6912K)->6500K(6912K) Class: 816K(1024K)->816K(1024K)
[2023-03-02T10:41:55.041+0100][gc           ] GC(0) Pause Young (Normal) (G1 Evacuation Pause) 25M->7M(512M) 18.595ms
[2023-03-02T10:41:55.041+0100][gc,cpu       ] GC(0) User=0.07s Sys=0.03s Real=0.02s
[2023-03-02T10:45:33.917+0100][gc,heap,exit ] Heap
[2023-03-02T10:45:33.918+0100][gc,heap,exit ]  garbage-first heap   total 524288K, used 18994K [0x00000000e0000000, 0x0000000100000000)
[2023-03-02T10:45:33.918+0100][gc,heap,exit ]   region size 1024K, 16 young (16384K), 4 survivors (4096K)
[2023-03-02T10:45:33.918+0100][gc,heap,exit ]  Metaspace       used 8927K, capacity 9247K, committed 9344K, reserved 1056768K
[2023-03-02T10:45:33.918+0100][gc,heap,exit ]   class space    used 975K, capacity 1090K, committed 1152K, reserved 1048576K
